src/app/checkout/page.tsx(19,21): error TS2339: Property 'totalAmount' does not exist on type 'CartContextType'.
src/app/checkout/page.tsx(19,46): error TS2339: Property 'vendorCount' does not exist on type 'CartContextType'.
src/components/features/vendor/StickyCartBar.tsx(9,25): error TS2339: Property 'totalAmount' does not exist on type 'CartContextType'.
src/components/features/vendor/StickyCartBar.tsx(9,38): error TS2339: Property 'vendorCount' does not exist on type 'CartContextType'.
src/components/features/vendor/VendorProductCard.tsx(22,58): error TS2554: Expected 2 arguments, but got 3.
src/components/features/vendor/VendorProductCard.tsx(29,54): error TS2554: Expected 2 arguments, but got 3.
src/components/features/vendor/VendorProductCard.tsx(34,46): error TS2554: Expected 1 arguments, but got 2.
src/components/features/vendor/VendorProductCard.tsx(36,58): error TS2554: Expected 2 arguments, but got 3.
